// Jest Snapshot v1, https://goo.gl/fbAQLP

exports[`ProgressCircle (Unit) render should match snapshot 1`] = `
<DocumentFragment>
  <svg
    height="200"
    viewBox="0 0 200 200"
    width="200"
  >
    <circle
      class="ProgressCircle-background"
      cx="100"
      cy="100"
      data-testid="ProgressCircle-background"
      r="92.5"
      stroke-width="15px"
    />
    <circle
      class="ProgressCircle-progressPercentage"
      cx="100"
      cy="100"
      data-testid="ProgressCircle-progressPercentage"
      r="92.5"
      stroke-width="15px"
      style="stroke-dasharray: 581.1946409141117; stroke-dashoffset: 581.1946409141117;"
      transform="rotate(-90 100 100)"
    />
    <text
      class="ProgressCircle-percentageText"
      dy=".3em"
      text-anchor="middle"
      x="45%"
      y="50%"
    >
      0
    </text>
    <text
      class="ProgressCircle-percentageSign"
      dy=".3em"
      text-anchor="middle"
      x="60%"
      y="40%"
    >
      %
    </text>
  </svg>
</DocumentFragment>
`;
